Script started on 2019-10-06 15:27:55-04:00 [TERM="xterm" TTY="/dev/pts/11" COLUMNS="100" LINES="35"]
ctran20@remote00:~/i220a/work/lab7$ ls
lab7.log	 libgeom  log10		 multiple-symbols  typescript
lab7_output.txt  libvec   multiple-defs  static-dynamic
ctran20@remote00:~/i220a/work/lab7$ 0000000[K[K[K[K[K[K[Kcd log10/
ctran20@remote00:~/i220a/work/lab7/log10$ ls
libm.nm  log10	log10.c  log10.o  Makefile
ctran20@remote00:~/i220a/work/lab7/log10$ cd [K[K[Kmkdir de[K[K[K[K[K[K[K[Krm libm.nm
ctran20@remote00:~/i220a/work/lab7/log10$ rm log10.o[K[K[K[K[K[K[K[K[K[Kmake
make: 'log10' is up to date.
ctran20@remote00:~/i220a/work/lab7/log10$ echo 10 1000 2 | ./log10.[K
log10(10) = 1
log10(1000) = 3
log10(2) = 0.30103
ctran20@remote00:~/i220a/work/lab7/log10$ ls [K -l /usr/lib/x89_64-linux-gnu/libm.*
ls: cannot access '/usr/lib/x89_64-linux-gnu/libm.*': No such file or directory
ctran20@remote00:~/i220a/work/lab7/log10$ ls -l /usr/lib/x89_64-linux-gnu/libm.*[Kls -l /usr/lib/x86_64-linux-gnu/libm.*
-rw-r--r-- 1 root root 132 May  1 13:24 /usr/lib/x86_64-linux-gnu/libm.a
-rw-r--r-- 1 root root 186 May  1 13:24 /usr/lib/x86_64-linux-gnu/libm.so
ctran20@remote00:~/i220a/work/lab7/log10$ ls -l /usr/lib/x86_64-linux-gnu/libm.*[1P[1P[1@g[1@e[1@d[1@i[1@t
Unknown option -l
ctran20@remote00:~/i220a/work/lab7/log10$ gedit -l /usr/lib/x86_64-linux-gnu/libm.*[1P /usr/lib/x86_64-linux-gnu/libm.*[1P /usr/lib/x86_64-linux-gnu/libm.*[1P/usr/lib/x86_64-linux-gnu/libm.*
Unable to init server: Could not connect: Connection refused

(gedit:27106): Gtk-[1;33mWARNING[0m **: [34m15:57:48.998[0m: cannot open display: 
ctran20@remote00:~/i220a/work/lab7/log10$ catgedit /usr/lib/x86_64-linux-gnu/libm.*[1P /usr/lib/x86_64-linux-gnu/libm.*[1P /usr/lib/x86_64-linux-gnu/libm.*[1P /usr/lib/x86_64-linux-gnu/libm.*[1P /usr/lib/x86_64-linux-gnu/libm.*[1P /usr/lib/x86_64-linux-gnu/libm.*c /usr/lib/x86_64-linux-gnu/libm.*a /usr/lib/x86_64-linux-gnu/libm.*t /usr/lib/x86_64-linux-gnu/libm.*
/* GNU ld script
*/
OUTPUT_FORMAT(elf64-x86-64)
GROUP ( /usr/lib/x86_64-linux-gnu/libm-2.28.a /usr/lib/x86_64-linux-gnu/libmvec.a )
/* GNU ld script
*/
OUTPUT_FORMAT(elf64-x86-64)
GROUP ( /lib/x86_64-linux-gnu/libm.so.6  AS_NEEDED ( /usr/lib/x86_64-linux-gnu/libmvec_nonshared.a /lib/x86_64-linux-gnu/libmvec.so.1 ) )
ctran20@remote00:~/i220a/work/lab7/log10$ nm /usr/lib/x86_64/linux-gnu/LIBM_VERSION >libm.nm 2>/dev/null
ctran20@remote00:~/i220a/work/lab7/log10$ nm /usr/lib/x86_64-linux-gnu/libm-2.28.a >libm.nm 2>/dev/null
ctran20@remote00:~/i220a/work/lab7/log10$ man libm.nm 
No manual entry for libm.nm
ctran20@remote00:~/i220a/work/lab7/log10$ man nm
[?1049h[22;0;0t[?1h=NM(1)                                 GNU Development Tools                                 NM(1)[m
[m
[1mNAME[0m[m
       nm - list symbols from object files[m
[m
[1mSYNOPSIS[0m[m
       nm [[1m-A[0m|[1m-o[0m|[1m--print-file-name[0m] [[1m-a[0m|[1m--debug-syms[0m][m
          [[1m-B[0m|[1m--format=bsd[0m] [[1m-C[0m|[1m--demangle[0m[=[4mstyle[24m]][m
          [[1m-D[0m|[1m--dynamic[0m] [[1m-f[0m[4mformat[24m|[1m--format=[0m[4mformat[24m][m
          [[1m-g[0m|[1m--extern-only[0m] [[1m-h[0m|[1m--help[0m][m
          [[1m-l[0m|[1m--line-numbers[0m] [[1m--inlines[0m][m
          [[1m-n[0m|[1m-v[0m|[1m--numeric-sort[0m][m
          [[1m-P[0m|[1m--portability[0m] [[1m-p[0m|[1m--no-sort[0m][m
          [[1m-r[0m|[1m--reverse-sort[0m] [[1m-S[0m|[1m--print-size[0m][m
          [[1m-s[0m|[1m--print-armap[0m] [[1m-t[0m [4mradix[24m|[1m--radix=[0m[4mradix[24m][m
          [[1m-u[0m|[1m--undefined-only[0m] [[1m-V[0m|[1m--version[0m][m
          [[1m-X[0m [1m32_64[0m] [[1m--defined-only[0m] [[1m--no-demangle[0m][m
          [[1m--plugin[0m [4mname[24m] [[1m--size-sort[0m] [[1m--special-syms[0m][m
          [[1m--synthetic[0m] [[1m--with-symbol-versions[0m] [[1m--target=[0m[4mbfdname[24m][m
          [[4mobjfile[24m...][m
[m
[1mDESCRIPTION[0m[m
       GNU [1mnm[0m lists the symbols from object files [4mobjfile[24m....  If no object files are listed as[m
       arguments, [1mnm[0m assumes the file [4ma.out[24m.[m
[m
       For each symbol, [1mnm[0m shows:[m
[m
       â€¢   The symbol value, in the radix selected by options (see below), or hexadecimal by[m
           default.[m
[m
       â€¢   The symbol type.  At least the following types are used; others are, as well,[m
           depending on the object file format.  If lowercase, the symbol is usually local; if[m
           uppercase, the symbol is global (external).  There are however a few lowercase symbols[m
           that are shown for special global symbols ("u", "v" and "w").[m
[7m Manual page nm(1) line 1 (press h for help or q to quit)[27m[K[K [KESCESC[K[[[K66[K~~[K[m
           "A" The symbol's value is absolute, and will not be changed by further linking.[m
[m
           "B"[m
           "b" The symbol is in the BSS data section.  This section typically contains zero-[m
               initialized or uninitialized data, although the exact behavior is system[m
               dependent.[m
[m
           "C" The symbol is common.  Common symbols are uninitialized data.  When linking,[m
               multiple common symbols may appear with the same name.  If the symbol is defined[m
               anywhere, the common symbols are treated as undefined references.[m
[m
           "D"[m
           "d" The symbol is in the initialized data section.[m
[m
           "G"[m
           "g" The symbol is in an initialized data section for small objects.  Some object file[m
               formats permit more efficient access to small data objects, such as a global int[m
               variable as opposed to a large global array.[m
[m
           "i" For PE format files this indicates that the symbol is in a section specific to the[m
               implementation of DLLs.  For ELF format files this indicates that the symbol is an[m
               indirect function.  This is a GNU extension to the standard set of ELF symbol[m
               types.  It indicates a symbol which if referenced by a relocation does not[m
               evaluate to its address, but instead must be invoked at runtime.  The runtime[m
               execution will then return the value to be used in the relocation.[m
[m
           "I" The symbol is an indirect reference to another symbol.[m
[m
           "N" The symbol is a debugging symbol.[m
[m
           "p" The symbols is in a stack unwind section.[m
[m
           "R"[m
[7m Manual page nm(1) line 35 (press h for help or q to quit)[27m[K[K [KESCESC[K[[[K55[K~~[K[HM           that are shown for special global symbols ("u", "v" and "w").[m
[HM           uppercase, the symbol is global (external).  There are however a few lowercase symbols[m
[HM           depending on the object file format.  If lowercase, the symbol is usually local; if[m
[HM       â€¢   The symbol type.  At least the following types are used; others are, as well,[m
[HM[m
[HM           default.[m
[HM       â€¢   The symbol value, in the radix selected by options (see below), or hexadecimal by[m
[HM[m
[HM       For each symbol, [1mnm[0m shows:[m
[HM[m
[HM       arguments, [1mnm[0m assumes the file [4ma.out[24m.[m
[HM       GNU [1mnm[0m lists the symbols from object files [4mobjfile[24m....  If no object files are listed as[m
[HM[1mDESCRIPTION[0m[m
[HM[m
[HM          [[4mobjfile[24m...][m
[HM          [[1m--synthetic[0m] [[1m--with-symbol-versions[0m] [[1m--target=[0m[4mbfdname[24m][m
[HM          [[1m--plugin[0m [4mname[24m] [[1m--size-sort[0m] [[1m--special-syms[0m][m
[HM          [[1m-X[0m [1m32_64[0m] [[1m--defined-only[0m] [[1m--no-demangle[0m][m
[HM          [[1m-u[0m|[1m--undefined-only[0m] [[1m-V[0m|[1m--version[0m][m
[HM          [[1m-s[0m|[1m--print-armap[0m] [[1m-t[0m [4mradix[24m|[1m--radix=[0m[4mradix[24m][m
[HM          [[1m-r[0m|[1m--reverse-sort[0m] [[1m-S[0m|[1m--print-size[0m][m
[HM          [[1m-P[0m|[1m--portability[0m] [[1m-p[0m|[1m--no-sort[0m][m
[HM          [[1m-n[0m|[1m-v[0m|[1m--numeric-sort[0m][m
[HM          [[1m-l[0m|[1m--line-numbers[0m] [[1m--inlines[0m][m
[HM          [[1m-g[0m|[1m--extern-only[0m] [[1m-h[0m|[1m--help[0m][m
[HM          [[1m-D[0m|[1m--dynamic[0m] [[1m-f[0m[4mformat[24m|[1m--format=[0m[4mformat[24m][m
[HM          [[1m-B[0m|[1m--format=bsd[0m] [[1m-C[0m|[1m--demangle[0m[=[4mstyle[24m]][m
[HM       nm [[1m-A[0m|[1m-o[0m|[1m--print-file-name[0m] [[1m-a[0m|[1m--debug-syms[0m][m
[HM[1mSYNOPSIS[0m[m
[HM[m
[HM       nm - list symbols from object files[m
[HM[1mNAME[0m[m
[HM[m
[HMNM(1)                                 GNU Development Tools                                 NM(1)[m
[35;1H[K[7m Manual page nm(1) line 1 (press h for help or q to quit)[27m[K[K [KESCESC[K[[[K66[K~~[K[m
           "A" The symbol's value is absolute, and will not be changed by further linking.[m
[m
           "B"[m
           "b" The symbol is in the BSS data section.  This section typically contains zero-[m
               initialized or uninitialized data, although the exact behavior is system[m
               dependent.[m
[m
           "C" The symbol is common.  Common symbols are uninitialized data.  When linking,[m
               multiple common symbols may appear with the same name.  If the symbol is defined[m
               anywhere, the common symbols are treated as undefined references.[m
[m
           "D"[m
           "d" The symbol is in the initialized data section.[m
[m
           "G"[m
           "g" The symbol is in an initialized data section for small objects.  Some object file[m
               formats permit more efficient access to small data objects, such as a global int[m
               variable as opposed to a large global array.[m
[m
           "i" For PE format files this indicates that the symbol is in a section specific to the[m
               implementation of DLLs.  For ELF format files this indicates that the symbol is an[m
               indirect function.  This is a GNU extension to the standard set of ELF symbol[m
               types.  It indicates a symbol which if referenced by a relocation does not[m
               evaluate to its address, but instead must be invoked at runtime.  The runtime[m
               execution will then return the value to be used in the relocation.[m
[m
           "I" The symbol is an indirect reference to another symbol.[m
[m
           "N" The symbol is a debugging symbol.[m
[m
           "p" The symbols is in a stack unwind section.[m
[m
           "R"[m
[7m Manual page nm(1) line 35 (press h for help or q to quit)[27m[K[K [KESCESC[K[[[K66[K~~[K           "r" The symbol is in a read only data section.[m
[m
           "S"[m
           "s" The symbol is in an uninitialized or zero-initialized data section for small[m
               objects.[m
[m
           "T"[m
           "t" The symbol is in the text (code) section.[m
[m
           "U" The symbol is undefined.[m
[m
           "u" The symbol is a unique global symbol.  This is a GNU extension to the standard set[m
               of ELF symbol bindings.  For such a symbol the dynamic linker will make sure that[m
               in the entire process there is just one symbol with this name and type in use.[m
[m
           "V"[m
           "v" The symbol is a weak object.  When a weak defined symbol is linked with a normal[m
               defined symbol, the normal defined symbol is used with no error.  When a weak[m
               undefined symbol is linked and the symbol is not defined, the value of the weak[m
               symbol becomes zero with no error.  On some systems, uppercase indicates that a[m
               default value has been specified.[m
[m
           "W"[m
           "w" The symbol is a weak symbol that has not been specifically tagged as a weak object[m
               symbol.  When a weak defined symbol is linked with a normal defined symbol, the[m
               normal defined symbol is used with no error.  When a weak undefined symbol is[m
               linked and the symbol is not defined, the value of the symbol is determined in a[m
               system-specific manner without error.  On some systems, uppercase indicates that a[m
               default value has been specified.[m
[m
           "-" The symbol is a stabs symbol in an a.out object file.  In this case, the next[m
               values printed are the stabs other field, the stabs desc field, and the stab type.[m
               Stabs symbols are used to hold debugging information.[m
[m
[7m Manual page nm(1) line 69 (press h for help or q to quit)[27m[K[K [KESCESC[K[[[K66[K~~[K           "?" The symbol type is unknown, or object file format specific.[m
[m
       â€¢   The symbol name.[m
[m
[1mOPTIONS[0m[m
       The long and short forms of options, shown here as alternatives, are equivalent.[m
[m
       [1m-A[0m[m
       [1m-o[0m[m
       [1m--print-file-name[0m[m
           Precede each symbol by the name of the input file (or archive member) in which it was[m
           found, rather than identifying the input file once only, before all of its symbols.[m
[m
       [1m-a[0m[m
       [1m--debug-syms[0m[m
           Display all symbols, even debugger-only symbols; normally these are not listed.[m
[m
       [1m-B[0m  The same as [1m--format=bsd[0m (for compatibility with the MIPS [1mnm[0m).[m
[m
       [1m-C[0m[m
       [1m--demangle[=[0m[4mstyle[24m[1m][0m[m
           Decode ([4mdemangle[24m) low-level symbol names into user-level names.  Besides removing any[m
           initial underscore prepended by the system, this makes C++ function names readable.[m
           Different compilers have different mangling styles. The optional demangling style[m
           argument can be used to choose an appropriate demangling style for your compiler.[m
[m
       [1m--no-demangle[0m[m
           Do not demangle low-level symbol names.  This is the default.[m
[m
       [1m-D[0m[m
       [1m--dynamic[0m[m
           Display the dynamic symbols rather than the normal symbols.  This is only meaningful[m
           for dynamic objects, such as certain types of shared libraries.[m
[m
[7m Manual page nm(1) line 103 (press h for help or q to quit)[27m[K[K [KESCESC[K[[[K55[K~~[K[HM[m
[HM               Stabs symbols are used to hold debugging information.[m
[HM               values printed are the stabs other field, the stabs desc field, and the stab type.[m
[HM           "-" The symbol is a stabs symbol in an a.out object file.  In this case, the next[m
[HM[m
[HM               default value has been specified.[m
[HM               system-specific manner without error.  On some systems, uppercase indicates that a[m
[HM               linked and the symbol is not defined, the value of the symbol is determined in a[m
[HM               normal defined symbol is used with no error.  When a weak undefined symbol is[m
[HM       