2019 Fall CS 220 - Project 2 Grading Report
Student Name: Tran Cat
Grader Name: Li Yongheng

----------(40%) 0. compile program-----------
$ make
cc -g -Wall -std=c11 -D_POSIX_C_SOURCE=200809L   -c -o main.o main.c
cc -g -Wall -std=c11 -D_POSIX_C_SOURCE=200809L   -c -o big-bits.o big-bits.c
big-bits.c: In function ‘newBigBits’:
big-bits.c:36:5: warning: implicit declaration of function ‘printf’ [-Wimplicit-function-declaration]
     printf("Malloc failure: %s\n", strerror(errno));
     ^~~~~~
big-bits.c:36:5: warning: incompatible implicit declaration of built-in function ‘printf’
big-bits.c:36:5: note: include ‘<stdio.h>’ or provide a declaration of ‘printf’
big-bits.c:9:1:
+#include <stdio.h>
 
big-bits.c:36:5:
     printf("Malloc failure: %s\n", strerror(errno));
     ^~~~~~
big-bits.c: In function ‘stringBigBits’:
big-bits.c:65:5: warning: incompatible implicit declaration of built-in function ‘printf’
     printf("stringBigBits received null: %s\n", strerror(errno));
     ^~~~~~
big-bits.c:65:5: note: include ‘<stdio.h>’ or provide a declaration of ‘printf’
big-bits.c: In function ‘andBigBits’:
big-bits.c:82:5: warning: incompatible implicit declaration of built-in function ‘printf’
     printf("stringBigBits received null: %s\n", strerror(errno));
     ^~~~~~
big-bits.c:82:5: note: include ‘<stdio.h>’ or provide a declaration of ‘printf’
big-bits.c: In function ‘orBigBits’:
big-bits.c:119:5: warning: incompatible implicit declaration of built-in function ‘printf’
     printf("stringBigBits received null: %s\n", strerror(errno));
     ^~~~~~
big-bits.c:119:5: note: include ‘<stdio.h>’ or provide a declaration of ‘printf’
big-bits.c: In function ‘xorBigBits’:
big-bits.c:157:5: warning: incompatible implicit declaration of built-in function ‘printf’
     printf("stringBigBits received null: %s\n", strerror(errno));
     ^~~~~~
big-bits.c:157:5: note: include ‘<stdio.h>’ or provide a declaration of ‘printf’
cc -g -Wall -std=c11 -D_POSIX_C_SOURCE=200809L   -c -o errors.o errors.c
cc -g -Wall -std=c11 -D_POSIX_C_SOURCE=200809L   -c -o hex-util.o hex-util.c
cc -g -Wall -std=c11 -D_POSIX_C_SOURCE=200809L   -c -o stack.o stack.c
cc main.o big-bits.o errors.o hex-util.o stack.o  -o big-bits
>>> output: compilation succeeded.
+++ result: -2
+++ comment: compilation warning

----------(8%) 1. good_input_1 -----------
$ ./big-bits < grading/good_input_1.txt > grading/good_input_generated_output_1.txt
>>> expect: 
0xfff_ffff_ffff_ffff
0x2a2a_2a2a_2a2a_2a2a_2a2a
0x6666_6666_6666_6666_6666_6666_6666_6666_6666
0xff_ffff_ffff_ffff_ffff_ffff_ffff_ffff_ffff_ffff_ffff_ffff_ffff_ffff_ffff_ffff_ffff_ffff_ffff_ffff_ffff_ffff_ffff_ffff_ffff_ffff_ffff_ffff_ffff_ffff_ffff_ffff_ffff_ffff_ffff_ffff_ffff_ffff_ffff_ffff_ffff_ffff_ffff_ffff_ffff_ffff_ffff_ffff_ffff_ffff_ffff_ffff_ffff_ffff_ffff_ffff_ffff_ffff_ffff_ffff_ffff_ffff_ffff_ffff_ffff_ffff_ffff_ffff_ffff_ffff_ffff_ffff_ffff_ffff_ffff_ffff_ffff_ffff_ffff_ffff_ffff_ffff_ffff_ffff_ffff_ffff_ffff_ffff_ffff_ffff_ffff_ffff_ffff_ffff_ffff_ffff_ffff_ffff_ffff_ffff_ffff_ffff_ffff_ffff_ffff_ffff_ffff_ffff_ffff_ffff_ffff_ffff_ffff_ffff_ffff_ffff_ffff
>>> output: 
0xfff_ffff_ffff_ffff
0x2a2a_2a2a_2a2a_2a2a_2a2a
0x6666_6666_6666_6666_6666_6666_6666_6666_6666
0xff_ffff_ffff_ffff_ffff_ffff_ffff_ffff_ffff_ffff_ffff_ffff_ffff_ffff_ffff_ffff_ffff_ffff_ffff_ffff_ffff_ffff_ffff_ffff_ffff_ffff_ffff_ffff_ffff_ffff_ffff_ffff_ffff_ffff_ffff_ffff_ffff_ffff_ffff_ffff_ffff_ffff_ffff_ffff_ffff_ffff_ffff_ffff_ffff_ffff_ffff_ffff_ffff_ffff_ffff_ffff_ffff_ffff_ffff_ffff_ffff_ffff_ffff_ffff_ffff_ffff_ffff_ffff_ffff_ffff_ffff_ffff_ffff_ffff_ffff_ffff_ffff_ffff_ffff_ffff_ffff_ffff_ffff_ffff_ffff_ffff_ffff_ffff_ffff_ffff_ffff_ffff_ffff_ffff_ffff_ffff_ffff_ffff_ffff_ffff_ffff_ffff_ffff_ffff_ffff_ffff_ffff_ffff_ffff_ffff_ffff_ffff_ffff_ffff_ffff_ffff_ffff
+++ result: -0
+++ comment: 

----------(8%) 2. good_input_2 -----------
$ ./big-bits < grading/good_input_2.txt > grading/good_input_generated_output_2.txt
>>> expect: 
0xb
0xb
0x0
0xaa_aaaa_aaaa_bbbb_bbbb_bbbb_bbbb_bbbb_bbbb_bbbb_bbbb_bbbb_bbbb
>>> output: 
0xb
0xb
0x000
0xaa_aaaa_aaaa_bbbb_bbbb_bbbb_bbbb_bbbb_bbbb_bbbb_bbbb_bbbb_bbbb
+++ result: -1
+++ comment: wrong format

----------(8%) 3. good_input_3 -----------
$ ./big-bits < grading/good_input_3.txt > grading/good_input_generated_output_3.txt
>>> expect: 
0x222_2222_2222_2222_2222_2222_2222_2222_2222_2222_2222_2222_2eee_eeee
0xbb_bbbb_bbbb_b999_9999_9999_9999_9999_9999_9999_9999_9999_9999_9999_9999_9fff_ffff
0xaaa_aaaa
0x222_2222
>>> output: 
0xbb_bbbb_bbbb_b222_2222_2222_2222_2222_2222_2222_2222_2222_2222_2222_2222_2eee_eeee
0xbb_bbbb_bbbb_b999_9999_9999_9999_9999_9999_9999_9999_9999_9999_9999_9999_9fff_ffff
0xbb_bbbb_bbbb_bbbb_bbbb_bbbb_bbbb_bbbb_bbbb_bbbb_bbbb_bbbb_bbbb_bbbb_bbbb_baaa_aaaa
0xbb_bbbb_bbbb_b222_2222_2222_2222_2222_2222_2222_2222_2222_2222_2222_2222_2222_2222
+++ result: -4
+++ comment: 

----------(8%) 4. good_input_4 -----------
$ ./big-bits < grading/good_input_4.txt > grading/good_input_generated_output_4.txt
>>> expect: 
0xeee_eeee_eeee_eeee_eeee_eeee_eeee_eee0_0011
0xeee_eeee_e111_1111_1111_1111_1111_1111_1166
0xeee_eeee_eeee_eeee_eeee_eeee_eeee_eeee_ee99
0xffff_ffff_ffff_ffff_ffff_ffff_f111_1111_1eee_eeee_eeee_eeee_eeee_eee0_0077
>>> output: 
0xffff_ffff_ffff_ffff_ffff_ffff_feee_eeee_eeee_eeee_eeee_eeee_eeee_eee0_0011
0xffff_ffff_ffff_ffff_ffff_ffff_f111_1111_1111_1111_1111_1111_1111_1111_1166
0xffff_ffff_ffff_ffff_ffff_ffff_ffff_ffff_feee_eeee_eeee_eeee_eeee_eeee_ee99
0xffff_ffff_ffff_ffff_ffff_ffff_f111_1111_1eee_eeee_eeee_eeee_eeee_eee0_0077
+++ result: -3
+++ comment: 

----------(4%) 5. memory check -----------
$ valgrind --log-file=grading/memory_check.txt ./big-bits < grading/good_input_4.txt
>>> output: 
==10965== HEAP SUMMARY:
==10965==     in use at exit: 1,988 bytes in 40 blocks
==10965==   total heap usage: 75 allocs, 35 frees, 11,700 bytes allocated
==10965== ERROR SUMMARY: 2076 errors from 34 contexts (suppressed: 0 from 0)
+++ result: -4
+++ comment: 

--------------------Summary--------------------
Grading Time: Fri 25 Oct 2019 04:41:03 PM EDT
Project Due Date: Fri Oct 11 23:59:59 2019 -0400
GitHub Submission Info: 
commit 271e62957868713736b158725de5802f3a411b88
Author: Cat Tran <ctran20@binghamton.edu>
Date:   Sun Oct 13 17:47:02 2019 -0400

    completed project2

Late Date Used: 2 
Late Date Left: 4
Late Submission Penalty: -0

Coding Style: -0

Total Points: 86 
